// Jest Snapshot v1, https://goo.gl/fbAQLP

exports[`renders correctly 1`] = `
<View
  className="VictoryContainer"
  onMoveShouldSetResponder={[Function]}
  onMoveShouldSetResponderCapture={[Function]}
  onResponderEnd={[Function]}
  onResponderGrant={[Function]}
  onResponderMove={[Function]}
  onResponderReject={[Function]}
  onResponderRelease={[Function]}
  onResponderStart={[Function]}
  onResponderTerminate={[Function]}
  onResponderTerminationRequest={[Function]}
  onStartShouldSetResponder={[Function]}
  onStartShouldSetResponderCapture={[Function]}
  pointerEvents="box-none"
  style={
    Object {
      "position": "relative",
    }
  }
>
  <RNSVGSvgView
    align="xMidYMid"
    bbHeight={350}
    bbWidth={750}
    focusable={false}
    height={350}
    meetOrSlice={0}
    minX={0}
    minY={0}
    role="img"
    style={
      Array [
        Object {
          "backgroundColor": "transparent",
          "borderWidth": 0,
        },
        Object {
          "height": "100%",
          "width": "100%",
        },
        Object {
          "flex": 0,
          "height": 350,
          "width": 750,
        },
      ]
    }
    vbHeight={350}
    vbWidth={750}
    width={750}
  >
    <RNSVGGroup>
      <RNSVGRect
        fill={null}
        height={350}
        propList={
          Array [
            "fill",
          ]
        }
        width={750}
        x={0}
        y={0}
      />
      <RNSVGGroup>
        <RNSVGGroup
          clipPath="victory-clip-2"
        >
          <RNSVGGroup>
            <RNSVGDefs>
              <RNSVGClipPath
                name="victory-clip-2"
              >
                <RNSVGCircle
                  cx={375}
                  cy={175}
                  r={125}
                  vectorEffect={1}
                />
              </RNSVGClipPath>
            </RNSVGDefs>
          </RNSVGGroup>
          <RNSVGPath
            d="M0,0L0,0L0,0L0,0L0,0ZM0,0L0,0L0,0L0,0L0,0Z"
            fill={4282280918}
            fillOpacity={0.2}
            matrix={
              Array [
                1,
                0,
                0,
                1,
                375,
                175,
              ]
            }
            propList={
              Array [
                "fill",
                "fillOpacity",
                "stroke",
                "strokeWidth",
              ]
            }
            stroke={4282280918}
            strokeWidth={2}
          />
        </RNSVGGroup>
      </RNSVGGroup>
      <RNSVGGroup>
        <RNSVGLine
          fill={0}
          propList={
            Array [
              "fill",
            ]
          }
          vectorEffect={1}
          x1={375}
          x2={500}
          y1={175}
          y2={175}
        />
        <RNSVGText
          content={null}
          dx={
            Array [
              0,
            ]
          }
          dy={Array []}
          font={Object {}}
          name="chart-axis-1-axisLabel-0"
          rotate={Array []}
          x={
            Array [
              520,
            ]
          }
          y={
            Array [
              179.26,
            ]
          }
        >
          <RNSVGTSpan
            content="strength"
            dx={
              Array [
                0,
              ]
            }
            dy={
              Array [
                0,
              ]
            }
            fill={4293125609}
            font={
              Object {
                "fontFamily": "Helvetica Neue",
                "fontSize": 12,
                "letterSpacing": "normal",
                "textAnchor": "middle",
              }
            }
            propList={
              Array [
                "fill",
              ]
            }
            rotate={Array []}
            x={
              Array [
                520,
              ]
            }
            y={Array []}
          />
        </RNSVGText>
        <RNSVGPath
          d="M 406.25, 175 A 31.25, 31.25, 0, 0, 0, 343.75, 175 A 31.25, 31.25, 0, 0, 0, 406.25, 175 "
          fill={null}
          opacity={0.8}
          propList={
            Array [
              "fill",
              "stroke",
              "strokeWidth",
              "strokeDasharray",
              "strokeLinecap",
              "strokeLinejoin",
            ]
          }
          stroke={4293125609}
          strokeDasharray={
            Array [
              "10",
              "5",
            ]
          }
          strokeLinecap={1}
          strokeLinejoin={1}
          strokeWidth={0.25}
        />
        <RNSVGPath
          d="M 437.5, 175 A 62.5, 62.5, 0, 0, 0, 312.5, 175 A 62.5, 62.5, 0, 0, 0, 437.5, 175.00000000000003 "
          fill={null}
          opacity={0.8}
          propList={
            Array [
              "fill",
              "stroke",
              "strokeWidth",
              "strokeDasharray",
              "strokeLinecap",
              "strokeLinejoin",
            ]
          }
          stroke={4293125609}
          strokeDasharray={
            Array [
              "10",
              "5",
            ]
          }
          strokeLinecap={1}
          strokeLinejoin={1}
          strokeWidth={0.25}
        />
        <RNSVGPath
          d="M 468.75, 175 A 93.75, 93.75, 0, 0, 0, 281.25, 175 A 93.75, 93.75, 0, 0, 0, 468.75, 175.00000000000003 "
          fill={null}
          opacity={0.8}
          propList={
            Array [
              "fill",
              "stroke",
              "strokeWidth",
              "strokeDasharray",
              "strokeLinecap",
              "strokeLinejoin",
            ]
          }
          stroke={4293125609}
          strokeDasharray={
            Array [
              "10",
              "5",
            ]
          }
          strokeLinecap={1}
          strokeLinejoin={1}
          strokeWidth={0.25}
        />
        <RNSVGText
          content={null}
          dx={
            Array [
              0,
            ]
          }
          dy={Array []}
          font={Object {}}
          name="chart-axis-1-tickLabels-0"
          rotate={Array []}
          x={
            Array [
              406.25,
            ]
          }
          y={
            Array [
              179.26,
            ]
          }
        >
          <RNSVGTSpan
            content="2"
            dx={
              Array [
                0,
              ]
            }
            dy={
              Array [
                0,
              ]
            }
            fill={4293125609}
            font={
              Object {
                "fontFamily": "Helvetica Neue",
                "fontSize": 12,
                "letterSpacing": "normal",
                "textAnchor": "start",
              }
            }
            propList={
              Array [
                "fill",
              ]
            }
            rotate={Array []}
            x={
              Array [
                406.25,
              ]
            }
            y={Array []}
          />
        </RNSVGText>
        <RNSVGText
          content={null}
          dx={
            Array [
              0,
            ]
          }
          dy={Array []}
          font={Object {}}
          name="chart-axis-1-tickLabels-1"
          rotate={Array []}
          x={
            Array [
              437.5,
            ]
          }
          y={
            Array [
              179.26,
            ]
          }
        >
          <RNSVGTSpan
            content="3"
            dx={
              Array [
                0,
              ]
            }
            dy={
              Array [
                0,
              ]
            }
            fill={4293125609}
            font={
              Object {
                "fontFamily": "Helvetica Neue",
                "fontSize": 12,
                "letterSpacing": "normal",
                "textAnchor": "start",
              }
            }
            propList={
              Array [
                "fill",
              ]
            }
            rotate={Array []}
            x={
              Array [
                437.5,
              ]
            }
            y={Array []}
          />
        </RNSVGText>
        <RNSVGText
          content={null}
          dx={
            Array [
              0,
            ]
          }
          dy={Array []}
          font={Object {}}
          name="chart-axis-1-tickLabels-2"
          rotate={Array []}
          x={
            Array [
              468.75,
            ]
          }
          y={
            Array [
              179.26,
            ]
          }
        >
          <RNSVGTSpan
            content="4"
            dx={
              Array [
                0,
              ]
            }
            dy={
              Array [
                0,
              ]
            }
            fill={4293125609}
            font={
              Object {
                "fontFamily": "Helvetica Neue",
                "fontSize": 12,
                "letterSpacing": "normal",
                "textAnchor": "start",
              }
            }
            propList={
              Array [
                "fill",
              ]
            }
            rotate={Array []}
            x={
              Array [
                468.75,
              ]
            }
            y={Array []}
          />
        </RNSVGText>
      </RNSVGGroup>
      <RNSVGGroup>
        <RNSVGLine
          fill={0}
          propList={
            Array [
              "fill",
            ]
          }
          vectorEffect={1}
          x1={375}
          x2={413.62712429686843}
          y1={175}
          y2={56.11793546310581}
        />
        <RNSVGText
          content={null}
          dx={
            Array [
              0,
            ]
          }
          dy={Array []}
          font={Object {}}
          name="chart-axis-2-axisLabel-0"
          rotate={Array []}
          x={
            Array [
              419.8074641843674,
            ]
          }
          y={
            Array [
              35.35680513720275,
            ]
          }
        >
          <RNSVGTSpan
            content="intelligence"
            dx={
              Array [
                0,
              ]
            }
            dy={
              Array [
                0,
              ]
            }
            fill={4293125609}
            font={
              Object {
                "fontFamily": "Helvetica Neue",
                "fontSize": 12,
                "letterSpacing": "normal",
                "textAnchor": "middle",
              }
            }
            propList={
              Array [
                "fill",
              ]
            }
            rotate={Array []}
            x={
              Array [
                419.8074641843674,
              ]
            }
            y={Array []}
          />
        </RNSVGText>
        <RNSVGPath
          d="M 406.25, 175 A 31.25, 31.25, 0, 0, 0, 343.75, 175 A 31.25, 31.25, 0, 0, 0, 406.25, 175 "
          fill={null}
          opacity={0.8}
          propList={
            Array [
              "fill",
              "stroke",
              "strokeWidth",
              "strokeDasharray",
              "strokeLinecap",
              "strokeLinejoin",
            ]
          }
          stroke={4293125609}
          strokeDasharray={
            Array [
              "10",
              "5",
            ]
          }
          strokeLinecap={1}
          strokeLinejoin={1}
          strokeWidth={0.25}
        />
        <RNSVGPath
          d="M 437.5, 175 A 62.5, 62.5, 0, 0, 0, 312.5, 175 A 62.5, 62.5, 0, 0, 0, 437.5, 175.00000000000003 "
          fill={null}
          opacity={0.8}
          propList={
            Array [
              "fill",
              "stroke",
              "strokeWidth",
              "strokeDasharray",
              "strokeLinecap",
              "strokeLinejoin",
            ]
          }
          stroke={4293125609}
          strokeDasharray={
            Array [
              "10",
              "5",
            ]
          }
          strokeLinecap={1}
          strokeLinejoin={1}
          strokeWidth={0.25}
        />
        <RNSVGPath
          d="M 468.75, 175 A 93.75, 93.75, 0, 0, 0, 281.25, 175 A 93.75, 93.75, 0, 0, 0, 468.75, 175.00000000000003 "
          fill={null}
          opacity={0.8}
          propList={
            Array [
              "fill",
              "stroke",
              "strokeWidth",
              "strokeDasharray",
              "strokeLinecap",
              "strokeLinejoin",
            ]
          }
          stroke={4293125609}
          strokeDasharray={
            Array [
              "10",
              "5",
            ]
          }
          strokeLinecap={1}
          strokeLinejoin={1}
          strokeWidth={0.25}
        />
        <RNSVGText
          content={null}
          dx={
            Array [
              0,
            ]
          }
          dy={Array []}
          font={Object {}}
          name="chart-axis-2-tickLabels-0"
          rotate={Array []}
          x={
            Array [
              384.6567810742171,
            ]
          }
          y={
            Array [
              149.53948386577645,
            ]
          }
        >
          <RNSVGTSpan
            content="75"
            dx={
              Array [
                0,
              ]
            }
            dy={
              Array [
                0,
              ]
            }
            fill={4293125609}
            font={
              Object {
                "fontFamily": "Helvetica Neue",
                "fontSize": 12,
                "letterSpacing": "normal",
                "textAnchor": "start",
              }
            }
            propList={
              Array [
                "fill",
              ]
            }
            rotate={Array []}
            x={
              Array [
                384.6567810742171,
              ]
            }
            y={Array []}
          />
        </RNSVGText>
        <RNSVGText
          content={null}
          dx={
            Array [
              0,
            ]
          }
          dy={Array []}
          font={Object {}}
          name="chart-axis-2-tickLabels-1"
          rotate={Array []}
          x={
            Array [
              394.31356214843424,
            ]
          }
          y={
            Array [
              119.81896773155292,
            ]
          }
        >
          <RNSVGTSpan
            content="150"
            dx={
              Array [
                0,
              ]
            }
            dy={
              Array [
                0,
              ]
            }
            fill={4293125609}
            font={
              Object {
                "fontFamily": "Helvetica Neue",
                "fontSize": 12,
                "letterSpacing": "normal",
                "textAnchor": "start",
              }
            }
            propList={
              Array [
                "fill",
              ]
            }
            rotate={Array []}
            x={
              Array [
                394.31356214843424,
              ]
            }
            y={Array []}
          />
        </RNSVGText>
        <RNSVGText
          content={null}
          dx={
            Array [
              0,
            ]
          }
          dy={Array []}
          font={Object {}}
          name="chart-axis-2-tickLabels-2"
          rotate={Array []}
          x={
            Array [
              403.9703432226513,
            ]
          }
          y={
            Array [
              90.09845159732936,
            ]
          }
        >
          <RNSVGTSpan
            content="225"
            dx={
              Array [
                0,
              ]
            }
            dy={
              Array [
                0,
              ]
            }
            fill={4293125609}
            font={
              Object {
                "fontFamily": "Helvetica Neue",
                "fontSize": 12,
                "letterSpacing": "normal",
                "textAnchor": "start",
              }
            }
            propList={
              Array [
                "fill",
              ]
            }
            rotate={Array []}
            x={
              Array [
                403.9703432226513,
              ]
            }
            y={Array []}
          />
        </RNSVGText>
      </RNSVGGroup>
      <RNSVGGroup>
        <RNSVGLine
          fill={0}
          propList={
            Array [
              "fill",
            ]
          }
          vectorEffect={1}
          x1={375}
          x2={273.87287570313157}
          y1={175}
          y2={101.52684346344084}
        />
        <RNSVGText
          content={null}
          dx={
            Array [
              0,
            ]
          }
          dy={Array []}
          font={Object {}}
          name="chart-axis-3-axisLabel-0"
          rotate={Array []}
          x={
            Array [
              257.69253581563265,
            ]
          }
          y={
            Array [
              94.03113841759138,
            ]
          }
        >
          <RNSVGTSpan
            content="luck"
            dx={
              Array [
                0,
              ]
            }
            dy={
              Array [
                0,
              ]
            }
            fill={4293125609}
            font={
              Object {
                "fontFamily": "Helvetica Neue",
                "fontSize": 12,
                "letterSpacing": "normal",
                "textAnchor": "middle",
              }
            }
            propList={
              Array [
                "fill",
              ]
            }
            rotate={Array []}
            x={
              Array [
                257.69253581563265,
              ]
            }
            y={Array []}
          />
        </RNSVGText>
        <RNSVGPath
          d="M 406.25, 175 A 31.25, 31.25, 0, 0, 0, 343.75, 175 A 31.25, 31.25, 0, 0, 0, 406.25, 175 "
          fill={null}
          opacity={0.8}
          propList={
            Array [
              "fill",
              "stroke",
              "strokeWidth",
              "strokeDasharray",
              "strokeLinecap",
              "strokeLinejoin",
            ]
          }
          stroke={4293125609}
          strokeDasharray={
            Array [
              "10",
              "5",
            ]
          }
          strokeLinecap={1}
          strokeLinejoin={1}
          strokeWidth={0.25}
        />
        <RNSVGPath
          d="M 437.5, 175 A 62.5, 62.5, 0, 0, 0, 312.5, 175 A 62.5, 62.5, 0, 0, 0, 437.5, 175.00000000000003 "
          fill={null}
          opacity={0.8}
          propList={
            Array [
              "fill",
              "stroke",
              "strokeWidth",
              "strokeDasharray",
              "strokeLinecap",
              "strokeLinejoin",
            ]
          }
          stroke={4293125609}
          strokeDasharray={
            Array [
              "10",
              "5",
            ]
          }
          strokeLinecap={1}
          strokeLinejoin={1}
          strokeWidth={0.25}
        />
        <RNSVGPath
          d="M 468.75, 175 A 93.75, 93.75, 0, 0, 0, 281.25, 175 A 93.75, 93.75, 0, 0, 0, 468.75, 175.00000000000003 "
          fill={null}
          opacity={0.8}
          propList={
            Array [
              "fill",
              "stroke",
              "strokeWidth",
              "strokeDasharray",
              "strokeLinecap",
              "strokeLinejoin",
            ]
          }
          stroke={4293125609}
          strokeDasharray={
            Array [
              "10",
              "5",
            ]
          }
          strokeLinecap={1}
          strokeLinejoin={1}
          strokeWidth={0.25}
        />
        <RNSVGText
          content={null}
          dx={
            Array [
              0,
            ]
          }
          dy={Array []}
          font={Object {}}
          name="chart-axis-3-tickLabels-0"
          rotate={Array []}
          x={
            Array [
              349.7182189257829,
            ]
          }
          y={
            Array [
              160.8917108658602,
            ]
          }
        >
          <RNSVGTSpan
            content="1"
            dx={
              Array [
                0,
              ]
            }
            dy={
              Array [
                0,
              ]
            }
            fill={4293125609}
            font={
              Object {
                "fontFamily": "Helvetica Neue",
                "fontSize": 12,
                "letterSpacing": "normal",
                "textAnchor": "end",
              }
            }
            propList={
              Array [
                "fill",
              ]
            }
            rotate={Array []}
            x={
              Array [
                349.7182189257829,
              ]
            }
            y={Array []}
          />
        </RNSVGText>
        <RNSVGText
          content={null}
          dx={
            Array [
              0,
            ]
          }
          dy={Array []}
          font={Object {}}
          name="chart-axis-3-tickLabels-1"
          rotate={Array []}
          x={
            Array [
              324.4364378515658,
            ]
          }
          y={
            Array [
              142.52342173172042,
            ]
          }
        >
          <RNSVGTSpan
            content="2"
            dx={
              Array [
                0,
              ]
            }
            dy={
              Array [
                0,
              ]
            }
            fill={4293125609}
            font={
              Object {
                "fontFamily": "Helvetica Neue",
                "fontSize": 12,
                "letterSpacing": "normal",
                "textAnchor": "end",
              }
            }
            propList={
              Array [
                "fill",
              ]
            }
            rotate={Array []}
            x={
              Array [
                324.4364378515658,
              ]
            }
            y={Array []}
          />
        </RNSVGText>
        <RNSVGText
          content={null}
          dx={
            Array [
              0,
            ]
          }
          dy={Array []}
          font={Object {}}
          name="chart-axis-3-tickLabels-2"
          rotate={Array []}
          x={
            Array [
              299.1546567773487,
            ]
          }
          y={
            Array [
              124.15513259758065,
            ]
          }
        >
          <RNSVGTSpan
            content="3"
            dx={
              Array [
                0,
              ]
            }
            dy={
              Array [
                0,
              ]
            }
            fill={4293125609}
            font={
              Object {
                "fontFamily": "Helvetica Neue",
                "fontSize": 12,
                "letterSpacing": "normal",
                "textAnchor": "end",
              }
            }
            propList={
              Array [
                "fill",
              ]
            }
            rotate={Array []}
            x={
              Array [
                299.1546567773487,
              ]
            }
            y={Array []}
          />
        </RNSVGText>
      </RNSVGGroup>
      <RNSVGGroup>
        <RNSVGLine
          fill={0}
          propList={
            Array [
              "fill",
            ]
          }
          vectorEffect={1}
          x1={375}
          x2={273.87287570313157}
          y1={175}
          y2={248.47315653655915}
        />
        <RNSVGText
          content={null}
          dx={
            Array [
              0,
            ]
          }
          dy={Array []}
          font={Object {}}
          name="chart-axis-4-axisLabel-0"
          rotate={Array []}
          x={
            Array [
              257.6925358156326,
            ]
          }
          y={
            Array [
              264.48886158240856,
            ]
          }
        >
          <RNSVGTSpan
            content="stealth"
            dx={
              Array [
                0,
              ]
            }
            dy={
              Array [
                0,
              ]
            }
            fill={4293125609}
            font={
              Object {
                "fontFamily": "Helvetica Neue",
                "fontSize": 12,
                "letterSpacing": "normal",
                "textAnchor": "middle",
              }
            }
            propList={
              Array [
                "fill",
              ]
            }
            rotate={Array []}
            x={
              Array [
                257.6925358156326,
              ]
            }
            y={Array []}
          />
        </RNSVGText>
        <RNSVGPath
          d="M 406.25, 175 A 31.25, 31.25, 0, 0, 0, 343.75, 175 A 31.25, 31.25, 0, 0, 0, 406.25, 175 "
          fill={null}
          opacity={0.8}
          propList={
            Array [
              "fill",
              "stroke",
              "strokeWidth",
              "strokeDasharray",
              "strokeLinecap",
              "strokeLinejoin",
            ]
          }
          stroke={4293125609}
          strokeDasharray={
            Array [
              "10",
              "5",
            ]
          }
          strokeLinecap={1}
          strokeLinejoin={1}
          strokeWidth={0.25}
        />
        <RNSVGPath
          d="M 437.5, 175 A 62.5, 62.5, 0, 0, 0, 312.5, 175 A 62.5, 62.5, 0, 0, 0, 437.5, 175.00000000000003 "
          fill={null}
          opacity={0.8}
          propList={
            Array [
              "fill",
              "stroke",
              "strokeWidth",
              "strokeDasharray",
              "strokeLinecap",
              "strokeLinejoin",
            ]
          }
          stroke={4293125609}
          strokeDasharray={
            Array [
              "10",
              "5",
            ]
          }
          strokeLinecap={1}
          strokeLinejoin={1}
          strokeWidth={0.25}
        />
        <RNSVGPath
          d="M 468.75, 175 A 93.75, 93.75, 0, 0, 0, 281.25, 175 A 93.75, 93.75, 0, 0, 0, 468.75, 175.00000000000003 "
          fill={null}
          opacity={0.8}
          propList={
            Array [
              "fill",
              "stroke",
              "strokeWidth",
              "strokeDasharray",
              "strokeLinecap",
              "strokeLinejoin",
            ]
          }
          stroke={4293125609}
          strokeDasharray={
            Array [
              "10",
              "5",
            ]
          }
          strokeLinecap={1}
          strokeLinejoin={1}
          strokeWidth={0.25}
        />
        <RNSVGText
          content={null}
          dx={
            Array [
              0,
            ]
          }
          dy={Array []}
          font={Object {}}
          name="chart-axis-4-tickLabels-0"
          rotate={Array []}
          x={
            Array [
              349.7182189257829,
            ]
          }
          y={
            Array [
              197.62828913413978,
            ]
          }
        >
          <RNSVGTSpan
            content="20"
            dx={
              Array [
                0,
              ]
            }
            dy={
              Array [
                0,
              ]
            }
            fill={4293125609}
            font={
              Object {
                "fontFamily": "Helvetica Neue",
                "fontSize": 12,
                "letterSpacing": "normal",
                "textAnchor": "end",
              }
            }
            propList={
              Array [
                "fill",
              ]
            }
            rotate={Array []}
            x={
              Array [
                349.7182189257829,
              ]
            }
            y={Array []}
          />
        </RNSVGText>
        <RNSVGText
          content={null}
          dx={
            Array [
              0,
            ]
          }
          dy={Array []}
          font={Object {}}
          name="chart-axis-4-tickLabels-1"
          rotate={Array []}
          x={
            Array [
              324.43643785156576,
            ]
          }
          y={
            Array [
              215.99657826827956,
            ]
          }
        >
          <RNSVGTSpan
            content="40"
            dx={
              Array [
                0,
              ]
            }
            dy={
              Array [
                0,
              ]
            }
            fill={4293125609}
            font={
              Object {
                "fontFamily": "Helvetica Neue",
                "fontSize": 12,
                "letterSpacing": "normal",
                "textAnchor": "end",
              }
            }
            propList={
              Array [
                "fill",
              ]
            }
            rotate={Array []}
            x={
              Array [
                324.43643785156576,
              ]
            }
            y={Array []}
          />
        </RNSVGText>
        <RNSVGText
          content={null}
          dx={
            Array [
              0,
            ]
          }
          dy={Array []}
          font={Object {}}
          name="chart-axis-4-tickLabels-2"
          rotate={Array []}
          x={
            Array [
              299.1546567773487,
            ]
          }
          y={
            Array [
              234.36486740241935,
            ]
          }
        >
          <RNSVGTSpan
            content="60"
            dx={
              Array [
                0,
              ]
            }
            dy={
              Array [
                0,
              ]
            }
            fill={4293125609}
            font={
              Object {
                "fontFamily": "Helvetica Neue",
                "fontSize": 12,
                "letterSpacing": "normal",
                "textAnchor": "end",
              }
            }
            propList={
              Array [
                "fill",
              ]
            }
            rotate={Array []}
            x={
              Array [
                299.1546567773487,
              ]
            }
            y={Array []}
          />
        </RNSVGText>
      </RNSVGGroup>
      <RNSVGGroup>
        <RNSVGLine
          fill={0}
          propList={
            Array [
              "fill",
            ]
          }
          vectorEffect={1}
          x1={375}
          x2={413.6271242968684}
          y1={175}
          y2={293.8820645368942}
        />
        <RNSVGText
          content={null}
          dx={
            Array [
              0,
            ]
          }
          dy={Array []}
          font={Object {}}
          name="chart-axis-5-axisLabel-0"
          rotate={Array []}
          x={
            Array [
              419.80746418436735,
            ]
          }
          y={
            Array [
              323.16319486279724,
            ]
          }
        >
          <RNSVGTSpan
            content="charisma"
            dx={
              Array [
                0,
              ]
            }
            dy={
              Array [
                0,
              ]
            }
            fill={4293125609}
            font={
              Object {
                "fontFamily": "Helvetica Neue",
                "fontSize": 12,
                "letterSpacing": "normal",
                "textAnchor": "middle",
              }
            }
            propList={
              Array [
                "fill",
              ]
            }
            rotate={Array []}
            x={
              Array [
                419.80746418436735,
              ]
            }
            y={Array []}
          />
        </RNSVGText>
        <RNSVGPath
          d="M 406.25, 175 A 31.25, 31.25, 0, 0, 0, 343.75, 175 A 31.25, 31.25, 0, 0, 0, 406.25, 175 "
          fill={null}
          opacity={0.8}
          propList={
            Array [
              "fill",
              "stroke",
              "strokeWidth",
              "strokeDasharray",
              "strokeLinecap",
              "strokeLinejoin",
            ]
          }
          stroke={4293125609}
          strokeDasharray={
            Array [
              "10",
              "5",
            ]
          }
          strokeLinecap={1}
          strokeLinejoin={1}
          strokeWidth={0.25}
        />
        <RNSVGPath
          d="M 437.5, 175 A 62.5, 62.5, 0, 0, 0, 312.5, 175 A 62.5, 62.5, 0, 0, 0, 437.5, 175.00000000000003 "
          fill={null}
          opacity={0.8}
          propList={
            Array [
              "fill",
              "stroke",
              "strokeWidth",
              "strokeDasharray",
              "strokeLinecap",
              "strokeLinejoin",
            ]
          }
          stroke={4293125609}
          strokeDasharray={
            Array [
              "10",
              "5",
            ]
          }
          strokeLinecap={1}
          strokeLinejoin={1}
          strokeWidth={0.25}
        />
        <RNSVGPath
          d="M 468.75, 175 A 93.75, 93.75, 0, 0, 0, 281.25, 175 A 93.75, 93.75, 0, 0, 0, 468.75, 175.00000000000003 "
          fill={null}
          opacity={0.8}
          propList={
            Array [
              "fill",
              "stroke",
              "strokeWidth",
              "strokeDasharray",
              "strokeLinecap",
              "strokeLinejoin",
            ]
          }
          stroke={4293125609}
          strokeDasharray={
            Array [
              "10",
              "5",
            ]
          }
          strokeLinecap={1}
          strokeLinejoin={1}
          strokeWidth={0.25}
        />
        <RNSVGText
          content={null}
          dx={
            Array [
              0,
            ]
          }
          dy={Array []}
          font={Object {}}
          name="chart-axis-5-tickLabels-0"
          rotate={Array []}
          x={
            Array [
              384.6567810742171,
            ]
          }
          y={
            Array [
              208.98051613422354,
            ]
          }
        >
          <RNSVGTSpan
            content="30"
            dx={
              Array [
                0,
              ]
            }
            dy={
              Array [
                0,
              ]
            }
            fill={4293125609}
            font={
              Object {
                "fontFamily": "Helvetica Neue",
                "fontSize": 12,
                "letterSpacing": "normal",
                "textAnchor": "start",
              }
            }
            propList={
              Array [
                "fill",
              ]
            }
            rotate={Array []}
            x={
              Array [
                384.6567810742171,
              ]
            }
            y={Array []}
          />
        </RNSVGText>
        <RNSVGText
          content={null}
          dx={
            Array [
              0,
            ]
          }
          dy={Array []}
          font={Object {}}
          name="chart-axis-5-tickLabels-1"
          rotate={Array []}
          x={
            Array [
              394.3135621484342,
            ]
          }
          y={
            Array [
              238.70103226844708,
            ]
          }
        >
          <RNSVGTSpan
            content="60"
            dx={
              Array [
                0,
              ]
            }
            dy={
              Array [
                0,
              ]
            }
            fill={4293125609}
            font={
              Object {
                "fontFamily": "Helvetica Neue",
                "fontSize": 12,
                "letterSpacing": "normal",
                "textAnchor": "start",
              }
            }
            propList={
              Array [
                "fill",
              ]
            }
            rotate={Array []}
            x={
              Array [
                394.3135621484342,
              ]
            }
            y={Array []}
          />
        </RNSVGText>
        <RNSVGText
          content={null}
          dx={
            Array [
              0,
            ]
          }
          dy={Array []}
          font={Object {}}
          name="chart-axis-5-tickLabels-2"
          rotate={Array []}
          x={
            Array [
              403.9703432226513,
            ]
          }
          y={
            Array [
              268.4215484026706,
            ]
          }
        >
          <RNSVGTSpan
            content="90"
            dx={
              Array [
                0,
              ]
            }
            dy={
              Array [
                0,
              ]
            }
            fill={4293125609}
            font={
              Object {
                "fontFamily": "Helvetica Neue",
                "fontSize": 12,
                "letterSpacing": "normal",
                "textAnchor": "start",
              }
            }
            propList={
              Array [
                "fill",
              ]
            }
            rotate={Array []}
            x={
              Array [
                403.9703432226513,
              ]
            }
            y={Array []}
          />
        </RNSVGText>
      </RNSVGGroup>
      <RNSVGGroup>
        <RNSVGPath
          d="M 500, 175 A 125, 125, 0, 0, 0, 250, 174.99999999999997 A 125, 125, 0, 0, 0, 500, 175.00000000000003 "
          fill={0}
          propList={
            Array [
              "fill",
            ]
          }
        />
        <RNSVGLine
          fill={0}
          propList={
            Array [
              "fill",
              "stroke",
              "strokeWidth",
              "strokeLinecap",
              "strokeLinejoin",
            ]
          }
          stroke={4287669422}
          strokeLinecap={1}
          strokeLinejoin={1}
          strokeWidth={1}
          vectorEffect={1}
          x1={500}
          x2={505}
          y1={175}
          y2={175}
        />
        <RNSVGLine
          fill={0}
          propList={
            Array [
              "fill",
              "stroke",
              "strokeWidth",
              "strokeLinecap",
              "strokeLinejoin",
            ]
          }
          stroke={4287669422}
          strokeLinecap={1}
          strokeLinejoin={1}
          strokeWidth={1}
          vectorEffect={1}
          x1={413.62712429686843}
          x2={415.1722092687432}
          y1={56.11793546310581}
          y2={51.36265288163004}
        />
        <RNSVGLine
          fill={0}
          propList={
            Array [
              "fill",
              "stroke",
              "strokeWidth",
              "strokeLinecap",
              "strokeLinejoin",
            ]
          }
          stroke={4287669422}
          strokeLinecap={1}
          strokeLinejoin={1}
          strokeWidth={1}
          vectorEffect={1}
          x1={273.87287570313157}
          x2={269.82779073125687}
          y1={101.52684346344084}
          y2={98.58791720197848}
        />
        <RNSVGLine
          fill={0}
          propList={
            Array [
              "fill",
              "stroke",
              "strokeWidth",
              "strokeLinecap",
              "strokeLinejoin",
            ]
          }
          stroke={4287669422}
          strokeLinecap={1}
          strokeLinejoin={1}
          strokeWidth={1}
          vectorEffect={1}
          x1={273.87287570313157}
          x2={269.8277907312568}
          y1={248.47315653655915}
          y2={251.4120827980215}
        />
        <RNSVGLine
          fill={0}
          propList={
            Array [
              "fill",
              "stroke",
              "strokeWidth",
              "strokeLinecap",
              "strokeLinejoin",
            ]
          }
          stroke={4287669422}
          strokeLinecap={1}
          strokeLinejoin={1}
          strokeWidth={1}
          vectorEffect={1}
          x1={413.6271242968684}
          x2={415.17220926874313}
          y1={293.8820645368942}
          y2={298.63734711837}
        />
        <RNSVGLine
          fill={null}
          opacity={0.8}
          propList={
            Array [
              "fill",
              "stroke",
              "strokeDasharray",
              "strokeLinecap",
              "strokeLinejoin",
            ]
          }
          stroke={4293125609}
          strokeDasharray={
            Array [
              "10",
              "5",
            ]
          }
          strokeLinecap={1}
          strokeLinejoin={1}
          vectorEffect={1}
          x1={500}
          x2={375}
          y1={175}
          y2={175}
        />
        <RNSVGLine
          fill={null}
          opacity={0.8}
          propList={
            Array [
              "fill",
              "stroke",
              "strokeDasharray",
              "strokeLinecap",
              "strokeLinejoin",
            ]
          }
          stroke={4293125609}
          strokeDasharray={
            Array [
              "10",
              "5",
            ]
          }
          strokeLinecap={1}
          strokeLinejoin={1}
          vectorEffect={1}
          x1={413.62712429686843}
          x2={375}
          y1={56.11793546310581}
          y2={175}
        />
        <RNSVGLine
          fill={null}
          opacity={0.8}
          propList={
            Array [
              "fill",
              "stroke",
              "strokeDasharray",
              "strokeLinecap",
              "strokeLinejoin",
            ]
          }
          stroke={4293125609}
          strokeDasharray={
            Array [
              "10",
              "5",
            ]
          }
          strokeLinecap={1}
          strokeLinejoin={1}
          vectorEffect={1}
          x1={273.87287570313157}
          x2={375}
          y1={101.52684346344084}
          y2={175}
        />
        <RNSVGLine
          fill={null}
          opacity={0.8}
          propList={
            Array [
              "fill",
              "stroke",
              "strokeDasharray",
              "strokeLinecap",
              "strokeLinejoin",
            ]
          }
          stroke={4293125609}
          strokeDasharray={
            Array [
              "10",
              "5",
            ]
          }
          strokeLinecap={1}
          strokeLinejoin={1}
          vectorEffect={1}
          x1={273.87287570313157}
          x2={375}
          y1={248.47315653655915}
          y2={175}
        />
        <RNSVGLine
          fill={null}
          opacity={0.8}
          propList={
            Array [
              "fill",
              "stroke",
              "strokeDasharray",
              "strokeLinecap",
              "strokeLinejoin",
            ]
          }
          stroke={4293125609}
          strokeDasharray={
            Array [
              "10",
              "5",
            ]
          }
          strokeLinecap={1}
          strokeLinejoin={1}
          vectorEffect={1}
          x1={413.6271242968684}
          x2={375}
          y1={293.8820645368942}
          y2={175}
        />
        <RNSVGText
          content={null}
          dx={
            Array [
              0,
            ]
          }
          dy={Array []}
          font={Object {}}
          name="chart-axis-6-tickLabels-0"
          rotate={Array []}
          x={
            Array [
              508,
            ]
          }
          y={
            Array [
              179.26,
            ]
          }
        >
          <RNSVGTSpan
            content=""
            dx={
              Array [
                0,
              ]
            }
            dy={
              Array [
                0,
              ]
            }
            fill={4282735204}
            font={
              Object {
                "fontFamily": "Helvetica Neue",
                "fontSize": 12,
                "letterSpacing": "normal",
                "textAnchor": "start",
              }
            }
            propList={
              Array [
                "fill",
              ]
            }
            rotate={Array []}
            x={
              Array [
                508,
              ]
            }
            y={Array []}
          />
        </RNSVGText>
        <RNSVGText
          content={null}
          dx={
            Array [
              0,
            ]
          }
          dy={Array []}
          font={Object {}}
          matrix={
            Array [
              0.30901699437494745,
              -0.9510565162951535,
              0.9510565162951535,
              0.30901699437494745,
              241.38225726147886,
              429.2531414827103,
            ]
          }
          name="chart-axis-6-tickLabels-1"
          rotate={Array []}
          x={
            Array [
              416.09926025186803,
            ]
          }
          y={
            Array [
              52.76948333274458,
            ]
          }
        >
          <RNSVGTSpan
            content=""
            dx={
              Array [
                0,
              ]
            }
            dy={
              Array [
                0,
              ]
            }
            fill={4282735204}
            font={
              Object {
                "fontFamily": "Helvetica Neue",
                "fontSize": 12,
                "letterSpacing": "normal",
                "textAnchor": "start",
              }
            }
            propList={
              Array [
                "fill",
              ]
            }
            rotate={Array []}
            x={
              Array [
                416.09926025186803,
              ]
            }
            y={Array []}
          />
        </RNSVGText>
        <RNSVGText
          content={null}
          dx={
            Array [
              0,
            ]
          }
          dy={Array []}
          font={Object {}}
          matrix={
            Array [
              0.8090169943749475,
              0.5877852522924731,
              -0.5877852522924731,
              0.8090169943749475,
              107.9810462605775,
              -138.6823655129367,
            ]
          }
          name="chart-axis-6-tickLabels-2"
          rotate={Array []}
          x={
            Array [
              267.40073974813197,
            ]
          }
          y={
            Array [
              101.08456144510106,
            ]
          }
        >
          <RNSVGTSpan
            content=""
            dx={
              Array [
                0,
              ]
            }
            dy={
              Array [
                0,
              ]
            }
            fill={4282735204}
            font={
              Object {
                "fontFamily": "Helvetica Neue",
                "fontSize": 12,
                "letterSpacing": "normal",
                "textAnchor": "end",
              }
            }
            propList={
              Array [
                "fill",
              ]
            }
            rotate={Array []}
            x={
              Array [
                267.40073974813197,
              ]
            }
            y={Array []}
          />
        </RNSVGText>
        <RNSVGText
          content={null}
          dx={
            Array [
              0,
            ]
          }
          dy={Array []}
          font={Object {}}
          matrix={
            Array [
              0.8090169943749475,
              -0.5877852522924731,
              0.5877852522924731,
              0.8090169943749475,
              -97.74379204178808,
              205.5264174817051,
            ]
          }
          name="chart-axis-6-tickLabels-3"
          rotate={Array []}
          x={
            Array [
              267.40073974813197,
            ]
          }
          y={
            Array [
              257.4354385548989,
            ]
          }
        >
          <RNSVGTSpan
            content=""
            dx={
              Array [
                0,
              ]
            }
            dy={
              Array [
                0,
              ]
            }
            fill={4282735204}
            font={
              Object {
                "fontFamily": "Helvetica Neue",
                "fontSize": 12,
                "letterSpacing": "normal",
                "textAnchor": "end",
              }
            }
            propList={
              Array [
                "fill",
              ]
            }
            rotate={Array []}
            x={
              Array [
                267.40073974813197,
              ]
            }
            y={Array []}
          />
        </RNSVGText>
        <RNSVGText
          content={null}
          dx={
            Array [
              0,
            ]
          }
          dy={Array []}
          font={Object {}}
          matrix={
            Array [
              0.30901699437494745,
              0.9510565162951535,
              -0.9510565162951535,
              0.30901699437494745,
              574.2520379647826,
              -187.40908951394186,
            ]
          }
          name="chart-axis-6-tickLabels-4"
          rotate={Array []}
          x={
            Array [
              416.099260251868,
            ]
          }
          y={
            Array [
              305.7505166672554,
            ]
          }
        >
          <RNSVGTSpan
            content=""
            dx={
              Array [
                0,
              ]
            }
            dy={
              Array [
                0,
              ]
            }
            fill={4282735204}
            font={
              Object {
                "fontFamily": "Helvetica Neue",
                "fontSize": 12,
                "letterSpacing": "normal",
                "textAnchor": "start",
              }
            }
            propList={
              Array [
                "fill",
              ]
            }
            rotate={Array []}
            x={
              Array [
                416.099260251868,
              ]
            }
            y={Array []}
          />
        </RNSVGText>
      </RNSVGGroup>
    </RNSVGGroup>
  </RNSVGSvgView>
  <View
    pointerEvents="box-none"
    style={
      Object {
        "left": 0,
        "position": "absolute",
        "top": 0,
        "zIndex": 99,
      }
    }
  >
    <RNSVGSvgView
      align="xMidYMid"
      bbHeight={350}
      bbWidth={750}
      focusable={false}
      height={350}
      meetOrSlice={0}
      minX={0}
      minY={0}
      style={
        Array [
          Object {
            "backgroundColor": "transparent",
            "borderWidth": 0,
          },
          Object {
            "height": "100%",
            "overflow": "visible",
            "width": "100%",
          },
          Object {
            "flex": 0,
            "height": 350,
            "width": 750,
          },
        ]
      }
      vbHeight={350}
      vbWidth={750}
      width={750}
    >
      <RNSVGGroup />
    </RNSVGSvgView>
  </View>
</View>
`;
